---
source: ft_lex_lib/src/tokenizer/mod.rs
expression: result
---
Ok:
  - PercentPercent:
      cur_line: 3
      cur_pos: 0
  - CodeBlock:
      - cur_line: 4
        cur_pos: 4
      - - "{"
        - "%"
        - "\n"
        - " "
        - " "
        - " "
        - " "
        - c
        - h
        - a
        - r
        - " "
        - "*"
        - s
        - "4"
        - "2"
        - "4"
        - "2"
        - " "
        - "="
        - " "
        - "\""
        - "%"
        - "}"
        - "\""
        - ;
        - "\n"
        - "%"
        - "}"
  - Rule:
      - cur_line: 8
        cur_pos: 0
      - - "."
      - - "{"
        - " "
        - /
        - "*"
        - " "
        - h
        - e
        - l
        - l
        - o
        - " "
        - "*"
        - /
        - " "
        - "}"
