---
source: ft_lex_lib/src/tokenizer/mod.rs
expression: result
---
Err:
  kind:
    UnexpectedEscapedChar: ~
  position:
    cur_line: 2
    cur_pos: 0
