---
source: ft_lex_lib/src/tokenizer/mod.rs
expression: result
---
Ok:
  - Definition:
      - cur_line: 1
        cur_pos: 0
      - - D
        - Q
        - _
        - S
        - T
        - R
        - I
        - N
        - G
      - - "\\"
        - "\""
        - (
        - "["
        - ^
        - "\""
        - "\\"
        - "\\"
        - "]"
        - "|"
        - "\\"
        - "\\"
        - "."
        - )
        - "*"
        - "\\"
        - "\""
        - " "
        - " "
        - " "
        - /
        - "*"
        - " "
        - D
        - o
        - u
        - b
        - l
        - e
        - "-"
        - q
        - u
        - o
        - t
        - e
        - d
        - " "
        - s
        - t
        - r
        - i
        - n
        - g
        - " "
        - w
        - i
        - t
        - h
        - " "
        - e
        - s
        - c
        - a
        - p
        - e
        - s
        - " "
        - "*"
        - /
  - Definition:
      - cur_line: 2
        cur_pos: 0
      - - S
        - Q
        - _
        - S
        - T
        - R
        - I
        - N
        - G
      - - "\\"
        - "'"
        - (
        - "["
        - ^
        - "'"
        - "\\"
        - "\\"
        - "]"
        - "|"
        - "\\"
        - "\\"
        - "."
        - )
        - "*"
        - "\\"
        - "'"
        - " "
        - " "
        - " "
        - /
        - "*"
        - " "
        - S
        - i
        - n
        - g
        - l
        - e
        - "-"
        - q
        - u
        - o
        - t
        - e
        - d
        - " "
        - s
        - t
        - r
        - i
        - n
        - g
        - " "
        - w
        - i
        - t
        - h
        - " "
        - e
        - s
        - c
        - a
        - p
        - e
        - s
        - " "
        - "*"
        - /
  - Definition:
      - cur_line: 3
        cur_pos: 0
      - - C
        - _
        - C
        - O
        - M
        - M
        - E
        - N
        - T
      - - "\\"
        - /
        - "\\"
        - "*"
        - (
        - "["
        - ^
        - "*"
        - "]"
        - "|"
        - "\\"
        - "*"
        - +
        - "["
        - ^
        - "*"
        - /
        - "]"
        - )
        - "*"
        - "\\"
        - "*"
        - +
        - "\\"
        - /
        - " "
        - /
        - "*"
        - " "
        - C
        - "-"
        - s
        - t
        - y
        - l
        - e
        - " "
        - b
        - l
        - o
        - c
        - k
        - " "
        - c
        - o
        - m
        - m
        - e
        - n
        - t
        - " "
        - "*"
        - /
  - Definition:
      - cur_line: 4
        cur_pos: 0
      - - C
        - P
        - P
        - _
        - C
        - O
        - M
        - M
        - E
        - N
        - T
      - - "\\"
        - /
        - "\\"
        - /
        - "["
        - ^
        - "\\"
        - n
        - "]"
        - "*"
        - "{"
        - E
        - O
        - L
        - "}"
        - "?"
        - " "
        - " "
        - " "
        - " "
        - " "
        - " "
        - " "
        - /
        - "*"
        - " "
        - C
        - +
        - +
        - " "
        - s
        - t
        - y
        - l
        - e
        - " "
        - l
        - i
        - n
        - e
        - " "
        - c
        - o
        - m
        - m
        - e
        - n
        - t
        - " "
        - "*"
        - /
  - PercentPercent:
      cur_line: 5
      cur_pos: 0
  - PercentPercent:
      cur_line: 6
      cur_pos: 0
