---
source: regex/src/ast.rs
expression: "(pattern_string, ast_result)"
---
- a-b|c
- Ok:
    Alter:
      - Concat:
          - Concat:
              - Literal: a
              - Literal: "-"
          - Literal: b
      - Literal: c
