---
source: regex/src/ast.rs
expression: "(pattern_string, ast_result)"
---
- "[z-a]"
- Err:
    InvalidRangeInCharacterSet:
      - z
      - a
