---
source: regex/src/ast.rs
expression: "(pattern_string, ast_result)"
---
- "a{3,5,6}"
- Err:
    QuantifierInvalidNumber: "5,6"
