---
source: regex/src/ast.rs
expression: "(pattern_string, ast_result)"
---
- "[*+?.(){}|]"
- Ok:
    BracketExpression:
      is_negated: false
      expr:
        - (
        - )
        - "*"
        - +
        - "."
        - "?"
        - "{"
        - "|"
        - "}"
