---
source: regex/src/ast.rs
expression: "(pattern_string, ast_result)"
---
- "[[:digit]]"
- Err:
    ExpectedEndOfPosixClassSyntax:
      - 10
      - ~
