---
source: regex/src/ast.rs
expression: "(pattern_string, ast_result)"
---
- "a{3}+"
- Err:
    UnexpectedToken: "Unexpected token '+' at position 4"
