---
source: regex/src/ast.rs
expression: "(pattern_string, ast_result)"
---
- "[^abc]"
- Ok:
    BracketExpression:
      is_negated: true
      expr:
        - a
        - b
        - c
