---
source: regex/src/ast.rs
expression: "(pattern_string, ast_result)"
---
- "[[:digit:]]"
- Ok:
    BracketExpression:
      is_negated: false
      expr:
        - "0"
        - "1"
        - "2"
        - "3"
        - "4"
        - "5"
        - "6"
        - "7"
        - "8"
        - "9"
