---
source: regex/src/ast.rs
expression: "(to_pattern_string(&tokens), ast_result)"
---
- (+a)
- Err: PrecedentTokenIsNotQuantifiable
