---
source: regex/src/ast.rs
expression: "(pattern_string, ast_result)"
---
- a(b
- Err: ExpectedClosingParenthesis
