---
source: regex/src/ast.rs
expression: "(pattern_string, ast_result)"
---
- "a{3}"
- Ok:
    Repeat:
      node:
        Literal: a
      lower_bound: 3
      upper_bound: 3
