---
source: ft_lex_lib/src/tokenizer/mod.rs
expression: result
---
Err:
  kind:
    CodeBlockAfterRulesDetected:
      first_rule:
        cur_line: 3
        cur_pos: 0
  position:
    cur_line: 6
    cur_pos: 0
