---
source: ft_lex_lib/src/tokenizer/mod.rs
expression: result
---
Ok:
  - Definition:
      - cur_line: 1
        cur_pos: 0
      - - E
        - M
        - A
        - I
        - L
      - - "["
        - a
        - "-"
        - z
        - A
        - "-"
        - Z
        - "0"
        - "-"
        - "9"
        - "."
        - _
        - "%"
        - +
        - "-"
        - "]"
        - +
        - "@"
        - "["
        - a
        - "-"
        - z
        - A
        - "-"
        - Z
        - "0"
        - "-"
        - "9"
        - "."
        - "-"
        - "]"
        - +
        - "\\"
        - "."
        - "["
        - a
        - "-"
        - z
        - A
        - "-"
        - Z
        - "]"
        - "{"
        - "2"
        - ","
        - "}"
  - Definition:
      - cur_line: 2
        cur_pos: 0
      - - U
        - R
        - L
      - - (
        - h
        - t
        - t
        - p
        - "|"
        - h
        - t
        - t
        - p
        - s
        - "|"
        - f
        - t
        - p
        - )
        - ":"
        - "\\"
        - /
        - "\\"
        - /
        - "["
        - ^
        - "\\"
        - s
        - /
        - $
        - "."
        - "?"
        - "#"
        - "]"
        - "."
        - "["
        - ^
        - "\\"
        - s
        - "]"
        - "*"
  - Definition:
      - cur_line: 3
        cur_pos: 0
      - - I
        - P
        - V
        - "4"
      - - "{"
        - D
        - I
        - G
        - I
        - T
        - "}"
        - "{"
        - "1"
        - ","
        - "3"
        - "}"
        - "\\"
        - "."
        - "{"
        - D
        - I
        - G
        - I
        - T
        - "}"
        - "{"
        - "1"
        - ","
        - "3"
        - "}"
        - "\\"
        - "."
        - "{"
        - D
        - I
        - G
        - I
        - T
        - "}"
        - "{"
        - "1"
        - ","
        - "3"
        - "}"
        - "\\"
        - "."
        - "{"
        - D
        - I
        - G
        - I
        - T
        - "}"
        - "{"
        - "1"
        - ","
        - "3"
        - "}"
  - Definition:
      - cur_line: 4
        cur_pos: 0
      - - U
        - U
        - I
        - D
      - - "{"
        - H
        - E
        - X
        - D
        - I
        - G
        - I
        - T
        - "}"
        - "{"
        - "8"
        - "}"
        - "-"
        - "{"
        - H
        - E
        - X
        - D
        - I
        - G
        - I
        - T
        - "}"
        - "{"
        - "4"
        - "}"
        - "-"
        - "{"
        - H
        - E
        - X
        - D
        - I
        - G
        - I
        - T
        - "}"
        - "{"
        - "4"
        - "}"
        - "-"
        - "{"
        - H
        - E
        - X
        - D
        - I
        - G
        - I
        - T
        - "}"
        - "{"
        - "4"
        - "}"
        - "-"
        - "{"
        - H
        - E
        - X
        - D
        - I
        - G
        - I
        - T
        - "}"
        - "{"
        - "1"
        - "2"
        - "}"
  - Definition:
      - cur_line: 5
        cur_pos: 0
      - - X
        - M
        - L
        - _
        - T
        - A
        - G
      - - "<"
        - "["
        - /
        - "]"
        - "?"
        - "["
        - a
        - "-"
        - z
        - A
        - "-"
        - Z
        - "]"
        - "["
        - a
        - "-"
        - z
        - A
        - "-"
        - Z
        - "0"
        - "-"
        - "9"
        - ":"
        - "]"
        - "*"
        - (
        - "["
        - ^
        - ">"
        - "]"
        - "*"
        - )
        - "?"
        - ">"
  - Definition:
      - cur_line: 6
        cur_pos: 0
      - - R
        - O
        - M
        - A
        - N
      - - M
        - "{"
        - "0"
        - ","
        - "3"
        - "}"
        - (
        - C
        - M
        - "|"
        - C
        - D
        - "|"
        - D
        - "?"
        - C
        - "{"
        - "0"
        - ","
        - "3"
        - "}"
        - )
        - (
        - X
        - C
        - "|"
        - X
        - L
        - "|"
        - L
        - "?"
        - X
        - "{"
        - "0"
        - ","
        - "3"
        - "}"
        - )
        - (
        - I
        - X
        - "|"
        - I
        - V
        - "|"
        - V
        - "?"
        - I
        - "{"
        - "0"
        - ","
        - "3"
        - "}"
        - )
        - " "
        - /
        - "*"
        - " "
        - B
        - a
        - s
        - i
        - c
        - " "
        - R
        - o
        - m
        - a
        - n
        - " "
        - n
        - u
        - m
        - e
        - r
        - a
        - l
        - s
        - " "
        - "*"
        - /
  - PercentPercent:
      cur_line: 7
      cur_pos: 0
  - PercentPercent:
      cur_line: 8
      cur_pos: 0
