---
source: ft_lex_lib/src/tokenizer/mod.rs
expression: result
---
Ok:
  - PercentPercent:
      cur_line: 1
      cur_pos: 0
  - Rule:
      - cur_line: 2
        cur_pos: 0
      - - "["
        - "0"
        - "-"
        - "9"
        - "]"
        - +
      - - p
        - r
        - i
        - n
        - t
        - f
        - (
        - "\""
        - N
        - U
        - M
        - B
        - E
        - R
        - ":"
        - " "
        - "%"
        - s
        - "\\"
        - n
        - "\""
        - ","
        - " "
        - y
        - y
        - t
        - e
        - x
        - t
        - )
        - ;
  - Rule:
      - cur_line: 3
        cur_pos: 0
      - - "\""
        - +
        - "\""
      - - "|"
  - Rule:
      - cur_line: 4
        cur_pos: 0
      - - "\""
        - "-"
        - "\""
      - - "|"
  - Rule:
      - cur_line: 5
        cur_pos: 0
      - - "\""
        - "*"
        - "\""
      - - "|"
  - Rule:
      - cur_line: 6
        cur_pos: 0
      - - "\""
        - /
        - "\""
      - - p
        - r
        - i
        - n
        - t
        - f
        - (
        - "\""
        - O
        - P
        - E
        - R
        - A
        - T
        - O
        - R
        - ":"
        - " "
        - "%"
        - s
        - "\\"
        - n
        - "\""
        - ","
        - " "
        - y
        - y
        - t
        - e
        - x
        - t
        - )
        - ;
  - Rule:
      - cur_line: 7
        cur_pos: 0
      - - "\""
        - (
        - "\""
      - - p
        - r
        - i
        - n
        - t
        - f
        - (
        - "\""
        - O
        - P
        - E
        - N
        - " "
        - P
        - A
        - R
        - E
        - N
        - T
        - H
        - E
        - S
        - I
        - S
        - "\\"
        - n
        - "\""
        - )
        - ;
  - Rule:
      - cur_line: 8
        cur_pos: 0
      - - "\""
        - )
        - "\""
      - - p
        - r
        - i
        - n
        - t
        - f
        - (
        - "\""
        - C
        - L
        - O
        - S
        - E
        - D
        - " "
        - P
        - A
        - R
        - E
        - N
        - T
        - H
        - E
        - S
        - I
        - S
        - "\\"
        - n
        - "\""
        - )
        - ;
  - Rule:
      - cur_line: 9
        cur_pos: 0
      - - "\""
        - "\\"
        - n
        - "\""
      - - p
        - r
        - i
        - n
        - t
        - f
        - (
        - "\""
        - N
        - E
        - W
        - L
        - I
        - N
        - E
        - "\\"
        - n
        - "\""
        - )
        - ;
  - Rule:
      - cur_line: 10
        cur_pos: 0
      - - "["
        - "["
        - ":"
        - b
        - l
        - a
        - n
        - k
        - ":"
        - "]"
        - "]"
      - - /
        - /
        - " "
        - i
        - g
        - n
        - o
        - r
        - e
        - " "
        - w
        - h
        - i
        - t
        - e
        - s
        - p
        - a
        - c
        - e
        - s
  - Rule:
      - cur_line: 11
        cur_pos: 0
      - - "."
      - - p
        - r
        - i
        - n
        - t
        - f
        - (
        - "\""
        - I
        - n
        - v
        - a
        - l
        - i
        - d
        - " "
        - c
        - h
        - a
        - r
        - a
        - c
        - t
        - e
        - r
        - ":"
        - " "
        - "%"
        - c
        - "\\"
        - n
        - "\""
        - ","
        - " "
        - "*"
        - y
        - y
        - t
        - e
        - x
        - t
        - )
        - ;
