---
source: ft_lex_lib/src/tokenizer/mod.rs
expression: result
---
Ok:
  - CodeBlock:
      - cur_line: 1
        cur_pos: 2
      - - "\n"
        - "#"
        - i
        - n
        - c
        - l
        - u
        - d
        - e
        - " "
        - "<"
        - m
        - a
        - t
        - h
        - "."
        - h
        - ">"
        - "\n"
  - Definition:
      - cur_line: 4
        cur_pos: 0
      - - "%"
        - s
      - - e
        - x
        - p
        - e
        - c
        - t
  - PercentPercent:
      cur_line: 6
      cur_pos: 0
  - Rule:
      - cur_line: 7
        cur_pos: 0
      - - e
        - x
        - p
        - e
        - c
        - t
        - "-"
        - f
        - l
        - o
        - a
        - t
        - s
      - - B
        - E
        - G
        - I
        - N
        - (
        - e
        - x
        - p
        - e
        - c
        - t
        - )
        - ;
  - Rule:
      - cur_line: 9
        cur_pos: 0
      - - "<"
        - e
        - x
        - p
        - e
        - c
        - t
        - ">"
        - "["
        - "0"
        - "-"
        - "9"
        - "]"
        - +
        - "\""
        - "."
        - "\""
        - "["
        - "0"
        - "-"
        - "9"
        - "]"
        - +
      - - "{"
        - "\n"
        - " "
        - " "
        - " "
        - " "
        - " "
        - " "
        - " "
        - " "
        - " "
        - " "
        - " "
        - " "
        - p
        - r
        - i
        - n
        - t
        - f
        - (
        - " "
        - "\""
        - f
        - o
        - u
        - n
        - d
        - " "
        - a
        - " "
        - f
        - l
        - o
        - a
        - t
        - ","
        - " "
        - "="
        - " "
        - "%"
        - f
        - "\\"
        - n
        - "\""
        - ","
        - "\n"
        - " "
        - " "
        - " "
        - " "
        - " "
        - " "
        - " "
        - " "
        - " "
        - " "
        - " "
        - " "
        - " "
        - " "
        - " "
        - " "
        - " "
        - " "
        - " "
        - " "
        - a
        - t
        - o
        - f
        - (
        - " "
        - y
        - y
        - t
        - e
        - x
        - t
        - " "
        - )
        - " "
        - )
        - ;
        - "\n"
        - " "
        - " "
        - " "
        - " "
        - " "
        - " "
        - " "
        - " "
        - " "
        - " "
        - " "
        - " "
        - "}"
  - Rule:
      - cur_line: 13
        cur_pos: 0
      - - "<"
        - e
        - x
        - p
        - e
        - c
        - t
        - ">"
        - "\\"
        - n
      - - "{"
        - "\n"
        - " "
        - " "
        - " "
        - " "
        - " "
        - " "
        - " "
        - " "
        - " "
        - " "
        - " "
        - " "
        - /
        - "*"
        - " "
        - t
        - h
        - a
        - t
        - "'"
        - s
        - " "
        - t
        - h
        - e
        - " "
        - e
        - n
        - d
        - " "
        - o
        - f
        - " "
        - t
        - h
        - e
        - " "
        - l
        - i
        - n
        - e
        - ","
        - " "
        - s
        - o
        - "\n"
        - " "
        - " "
        - " "
        - " "
        - " "
        - " "
        - " "
        - " "
        - " "
        - " "
        - " "
        - " "
        - " "
        - "*"
        - " "
        - w
        - e
        - " "
        - n
        - e
        - e
        - d
        - " "
        - a
        - n
        - o
        - t
        - h
        - e
        - r
        - " "
        - "\""
        - e
        - x
        - p
        - e
        - c
        - t
        - "-"
        - n
        - u
        - m
        - b
        - e
        - r
        - "\""
        - "\n"
        - " "
        - " "
        - " "
        - " "
        - " "
        - " "
        - " "
        - " "
        - " "
        - " "
        - " "
        - " "
        - " "
        - "*"
        - " "
        - b
        - e
        - f
        - o
        - r
        - e
        - " "
        - w
        - e
        - "'"
        - l
        - l
        - " "
        - r
        - e
        - c
        - o
        - g
        - n
        - i
        - z
        - e
        - " "
        - a
        - n
        - y
        - " "
        - m
        - o
        - r
        - e
        - "\n"
        - " "
        - " "
        - " "
        - " "
        - " "
        - " "
        - " "
        - " "
        - " "
        - " "
        - " "
        - " "
        - " "
        - "*"
        - " "
        - n
        - u
        - m
        - b
        - e
        - r
        - s
        - "\n"
        - " "
        - " "
        - " "
        - " "
        - " "
        - " "
        - " "
        - " "
        - " "
        - " "
        - " "
        - " "
        - " "
        - "*"
        - /
        - "\n"
        - " "
        - " "
        - " "
        - " "
        - " "
        - " "
        - " "
        - " "
        - " "
        - " "
        - " "
        - " "
        - B
        - E
        - G
        - I
        - N
        - (
        - I
        - N
        - I
        - T
        - I
        - A
        - L
        - )
        - ;
        - "\n"
        - " "
        - " "
        - " "
        - " "
        - " "
        - " "
        - " "
        - " "
        - " "
        - " "
        - " "
        - " "
        - "}"
  - Rule:
      - cur_line: 22
        cur_pos: 0
      - - "["
        - "0"
        - "-"
        - "9"
        - "]"
        - +
      - - "{"
        - "\n"
        - " "
        - " "
        - " "
        - " "
        - " "
        - " "
        - " "
        - " "
        - " "
        - " "
        - " "
        - " "
        - p
        - r
        - i
        - n
        - t
        - f
        - (
        - " "
        - "\""
        - f
        - o
        - u
        - n
        - d
        - " "
        - a
        - n
        - " "
        - i
        - n
        - t
        - e
        - g
        - e
        - r
        - ","
        - " "
        - "="
        - " "
        - "%"
        - d
        - "\\"
        - n
        - "\""
        - ","
        - "\n"
        - " "
        - " "
        - " "
        - " "
        - " "
        - " "
        - " "
        - " "
        - " "
        - " "
        - " "
        - " "
        - " "
        - " "
        - " "
        - " "
        - " "
        - " "
        - " "
        - " "
        - a
        - t
        - o
        - i
        - (
        - " "
        - y
        - y
        - t
        - e
        - x
        - t
        - " "
        - )
        - " "
        - )
        - ;
        - "\n"
        - " "
        - " "
        - " "
        - " "
        - " "
        - " "
        - " "
        - " "
        - " "
        - " "
        - " "
        - " "
        - "}"
  - Rule:
      - cur_line: 27
        cur_pos: 0
      - - "\""
        - "."
        - "\""
      - - p
        - r
        - i
        - n
        - t
        - f
        - (
        - " "
        - "\""
        - f
        - o
        - u
        - n
        - d
        - " "
        - a
        - " "
        - d
        - o
        - t
        - "\\"
        - n
        - "\""
        - " "
        - )
        - ;
