---
source: ft_lex_lib/src/tokenizer/mod.rs
expression: result
---
Ok:
  - MultilineComment:
      - cur_line: 1
        cur_pos: 0
      - - /
        - "*"
        - " "
        - T
        - h
        - i
        - s
        - " "
        - c
        - o
        - m
        - m
        - e
        - n
        - t
        - " "
        - i
        - s
        - " "
        - v
        - a
        - l
        - i
        - d
        - " "
        - "*"
        - /
  - PercentPercent:
      cur_line: 3
      cur_pos: 0
  - MultilineComment:
      - cur_line: 5
        cur_pos: 0
      - - /
        - "*"
        - " "
        - T
        - h
        - i
        - s
        - " "
        - c
        - o
        - m
        - m
        - e
        - n
        - t
        - " "
        - i
        - s
        - " "
        - i
        - n
        - v
        - a
        - l
        - i
        - d
        - ","
        - " "
        - s
        - h
        - o
        - u
        - l
        - d
        - " "
        - b
        - e
        - " "
        - a
        - c
        - c
        - e
        - p
        - t
        - e
        - d
        - " "
        - b
        - y
        - " "
        - t
        - o
        - k
        - e
        - n
        - i
        - z
        - e
        - r
        - ","
        - " "
        - b
        - u
        - t
        - " "
        - r
        - e
        - f
        - u
        - s
        - e
        - d
        - " "
        - b
        - y
        - " "
        - p
        - a
        - r
        - s
        - e
        - r
        - " "
        - "*"
        - /
