---
source: ft_lex_lib/src/tokenizer/mod.rs
expression: result
---
Ok:
  - PercentPercent:
      cur_line: 1
      cur_pos: 0
  - Rule:
      - cur_line: 2
        cur_pos: 0
      - - "\""
        - "\\"
        - "\\"
        - "\""
      - - "{"
        - " "
        - /
        - "*"
        - " "
        - M
        - a
        - t
        - c
        - h
        - e
        - s
        - " "
        - a
        - " "
        - s
        - i
        - n
        - g
        - l
        - e
        - " "
        - b
        - a
        - c
        - k
        - s
        - l
        - a
        - s
        - h
        - " "
        - (
        - e
        - s
        - c
        - a
        - p
        - e
        - d
        - " "
        - i
        - n
        - " "
        - s
        - t
        - r
        - i
        - n
        - g
        - )
        - " "
        - "*"
        - /
        - " "
        - "}"
  - Rule:
      - cur_line: 3
        cur_pos: 0
      - - "\\"
        - "\\"
      - - "{"
        - " "
        - /
        - "*"
        - " "
        - M
        - a
        - t
        - c
        - h
        - e
        - s
        - " "
        - a
        - " "
        - s
        - i
        - n
        - g
        - l
        - e
        - " "
        - b
        - a
        - c
        - k
        - s
        - l
        - a
        - s
        - h
        - " "
        - (
        - e
        - s
        - c
        - a
        - p
        - e
        - d
        - " "
        - o
        - u
        - t
        - s
        - i
        - d
        - e
        - " "
        - s
        - t
        - r
        - i
        - n
        - g
        - )
        - " "
        - "*"
        - /
        - " "
        - "}"
  - Rule:
      - cur_line: 4
        cur_pos: 0
      - - "\\"
        - "."
        - "\\"
        - "*"
        - "\\"
        - +
      - - "{"
        - " "
        - /
        - "*"
        - " "
        - M
        - a
        - t
        - c
        - h
        - e
        - s
        - " "
        - l
        - i
        - t
        - e
        - r
        - a
        - l
        - " "
        - "'"
        - "."
        - "'"
        - ","
        - " "
        - "'"
        - "*"
        - "'"
        - ","
        - " "
        - "'"
        - +
        - "'"
        - " "
        - "*"
        - /
        - " "
        - "}"
  - Rule:
      - cur_line: 5
        cur_pos: 0
      - - "\""
        - a
        - "\\"
        - "\\"
        - b
        - "\""
      - - "{"
        - " "
        - /
        - "*"
        - " "
        - M
        - a
        - t
        - c
        - h
        - e
        - s
        - " "
        - "'"
        - a
        - "'"
        - ","
        - " "
        - b
        - a
        - c
        - k
        - s
        - l
        - a
        - s
        - h
        - ","
        - " "
        - "'"
        - b
        - "'"
        - " "
        - "*"
        - /
        - " "
        - "}"
  - Rule:
      - cur_line: 6
        cur_pos: 0
      - - "\""
        - "\\"
        - n
        - "\""
      - - "{"
        - " "
        - /
        - "*"
        - " "
        - M
        - a
        - t
        - c
        - h
        - e
        - s
        - " "
        - a
        - " "
        - n
        - e
        - w
        - l
        - i
        - n
        - e
        - " "
        - c
        - h
        - a
        - r
        - a
        - c
        - t
        - e
        - r
        - " "
        - "*"
        - /
        - " "
        - "}"
  - Rule:
      - cur_line: 7
        cur_pos: 0
      - - "\\"
        - t
      - - "{"
        - " "
        - /
        - "*"
        - " "
        - M
        - a
        - t
        - c
        - h
        - e
        - s
        - " "
        - a
        - " "
        - t
        - a
        - b
        - " "
        - c
        - h
        - a
        - r
        - a
        - c
        - t
        - e
        - r
        - " "
        - "*"
        - /
        - " "
        - "}"
  - Rule:
      - cur_line: 8
        cur_pos: 0
      - - "\\"
        - "{"
      - - "{"
        - " "
        - /
        - "*"
        - " "
        - M
        - a
        - t
        - c
        - h
        - e
        - s
        - " "
        - a
        - " "
        - l
        - i
        - t
        - e
        - r
        - a
        - l
        - " "
        - o
        - p
        - e
        - n
        - i
        - n
        - g
        - " "
        - b
        - r
        - a
        - c
        - e
        - " "
        - "*"
        - /
        - " "
        - "}"
  - Rule:
      - cur_line: 9
        cur_pos: 0
      - - "\\"
        - "}"
      - - "{"
        - " "
        - /
        - "*"
        - " "
        - M
        - a
        - t
        - c
        - h
        - e
        - s
        - " "
        - a
        - " "
        - l
        - i
        - t
        - e
        - r
        - a
        - l
        - " "
        - c
        - l
        - o
        - s
        - i
        - n
        - g
        - " "
        - b
        - r
        - a
        - c
        - e
        - " "
        - "*"
        - /
        - " "
        - "}"
  - Rule:
      - cur_line: 10
        cur_pos: 0
      - - "\\"
        - "["
      - - "{"
        - " "
        - /
        - "*"
        - " "
        - M
        - a
        - t
        - c
        - h
        - e
        - s
        - " "
        - a
        - " "
        - l
        - i
        - t
        - e
        - r
        - a
        - l
        - " "
        - o
        - p
        - e
        - n
        - i
        - n
        - g
        - " "
        - b
        - r
        - a
        - c
        - k
        - e
        - t
        - " "
        - "*"
        - /
        - " "
        - "}"
  - Rule:
      - cur_line: 11
        cur_pos: 0
      - - "\\"
        - "]"
      - - "{"
        - " "
        - /
        - "*"
        - " "
        - M
        - a
        - t
        - c
        - h
        - e
        - s
        - " "
        - a
        - " "
        - l
        - i
        - t
        - e
        - r
        - a
        - l
        - " "
        - c
        - l
        - o
        - s
        - i
        - n
        - g
        - " "
        - b
        - r
        - a
        - c
        - k
        - e
        - t
        - " "
        - "*"
        - /
        - " "
        - "}"
  - Rule:
      - cur_line: 12
        cur_pos: 0
      - - "\\"
        - ^
      - - "{"
        - " "
        - /
        - "*"
        - " "
        - M
        - a
        - t
        - c
        - h
        - e
        - s
        - " "
        - a
        - " "
        - l
        - i
        - t
        - e
        - r
        - a
        - l
        - " "
        - c
        - a
        - r
        - e
        - t
        - " "
        - "*"
        - /
        - " "
        - "}"
  - Rule:
      - cur_line: 13
        cur_pos: 0
      - - "\\"
        - $
      - - "{"
        - " "
        - /
        - "*"
        - " "
        - M
        - a
        - t
        - c
        - h
        - e
        - s
        - " "
        - a
        - " "
        - l
        - i
        - t
        - e
        - r
        - a
        - l
        - " "
        - d
        - o
        - l
        - l
        - a
        - r
        - " "
        - s
        - i
        - g
        - n
        - " "
        - "*"
        - /
        - " "
        - "}"
  - PercentPercent:
      cur_line: 14
      cur_pos: 0
