---
source: ft_lex_lib/src/tokenizer/mod.rs
expression: result
---
Ok:
  - PercentPercent:
      cur_line: 2
      cur_pos: 0
  - CodeBlock:
      - cur_line: 3
        cur_pos: 0
      - - "{"
        - "%"
        - "\n"
        - " "
        - " "
        - " "
        - " "
        - c
        - h
        - a
        - r
        - " "
        - "*"
        - v
        - a
        - l
        - i
        - d
        - _
        - s
        - t
        - r
        - i
        - n
        - g
        - " "
        - "="
        - " "
        - "\""
        - /
        - "*"
        - "\""
        - ;
        - "\n"
        - "%"
        - "}"
  - CodeBlock:
      - cur_line: 7
        cur_pos: 0
      - - "{"
        - "%"
        - "\n"
        - " "
        - " "
        - " "
        - " "
        - c
        - h
        - a
        - r
        - " "
        - "*"
        - v
        - a
        - l
        - i
        - d
        - _
        - s
        - t
        - r
        - i
        - n
        - g
        - " "
        - "="
        - " "
        - "\""
        - /
        - "*"
        - "\""
        - ;
        - "\n"
        - "%"
        - "}"
  - CodeBlock:
      - cur_line: 11
        cur_pos: 0
      - - "{"
        - "%"
        - "\n"
        - " "
        - " "
        - " "
        - " "
        - c
        - h
        - a
        - r
        - " "
        - "*"
        - v
        - a
        - l
        - i
        - d
        - _
        - s
        - t
        - r
        - i
        - n
        - g
        - " "
        - "="
        - " "
        - "\""
        - /
        - "*"
        - "\""
        - ;
        - "\n"
        - "%"
        - "}"
