---
source: ft_lex_lib/src/tokenizer/mod.rs
expression: result
---
Ok:
  - PercentPercent:
      cur_line: 1
      cur_pos: 0
  - Rule:
      - cur_line: 2
        cur_pos: 0
      - - "\""
        - " "
        - "\""
      - - "{"
        - " "
        - /
        - "*"
        - " "
        - M
        - a
        - t
        - c
        - h
        - e
        - s
        - " "
        - a
        - " "
        - s
        - i
        - n
        - g
        - l
        - e
        - " "
        - s
        - p
        - a
        - c
        - e
        - " "
        - (
        - q
        - u
        - o
        - t
        - e
        - d
        - )
        - " "
        - "*"
        - /
        - " "
        - "}"
  - Rule:
      - cur_line: 3
        cur_pos: 0
      - - "\""
        - a
        - " "
        - b
        - " "
        - c
        - "\""
      - - "{"
        - " "
        - /
        - "*"
        - " "
        - M
        - a
        - t
        - c
        - h
        - e
        - s
        - " "
        - "'"
        - a
        - "'"
        - ","
        - " "
        - s
        - p
        - a
        - c
        - e
        - ","
        - " "
        - "'"
        - b
        - "'"
        - ","
        - " "
        - s
        - p
        - a
        - c
        - e
        - ","
        - " "
        - "'"
        - c
        - "'"
        - " "
        - "*"
        - /
        - " "
        - "}"
  - Rule:
      - cur_line: 4
        cur_pos: 2
      - - "\""
        - " "
        - "\""
      - - /
        - "*"
        - " "
        - M
        - a
        - t
        - c
        - h
        - e
        - s
        - " "
        - a
        - " "
        - s
        - i
        - n
        - g
        - l
        - e
        - " "
        - s
        - p
        - a
        - c
        - e
        - " "
        - (
        - l
        - e
        - a
        - d
        - i
        - n
        - g
        - " "
        - w
        - h
        - i
        - t
        - e
        - s
        - p
        - a
        - c
        - e
        - " "
        - i
        - g
        - n
        - o
        - r
        - e
        - d
        - )
        - " "
        - "*"
        - /
  - Rule:
      - cur_line: 5
        cur_pos: 0
      - - "["
        - " "
        - "\\"
        - t
        - "]"
        - +
      - - "{"
        - " "
        - /
        - "*"
        - " "
        - M
        - a
        - t
        - c
        - h
        - e
        - s
        - " "
        - o
        - n
        - e
        - " "
        - o
        - r
        - " "
        - m
        - o
        - r
        - e
        - " "
        - s
        - p
        - a
        - c
        - e
        - s
        - " "
        - o
        - r
        - " "
        - t
        - a
        - b
        - s
        - " "
        - (
        - c
        - o
        - m
        - m
        - o
        - n
        - " "
        - i
        - d
        - i
        - o
        - m
        - )
        - " "
        - "*"
        - /
        - " "
        - "}"
  - Rule:
      - cur_line: 6
        cur_pos: 0
      - - a
        - "\\"
        - " "
        - b
      - - "{"
        - " "
        - /
        - "*"
        - " "
        - M
        - a
        - t
        - c
        - h
        - e
        - s
        - " "
        - "'"
        - a
        - "'"
        - ","
        - " "
        - s
        - p
        - a
        - c
        - e
        - ","
        - " "
        - "'"
        - b
        - "'"
        - " "
        - (
        - s
        - p
        - a
        - c
        - e
        - " "
        - e
        - s
        - c
        - a
        - p
        - e
        - d
        - ","
        - " "
        - l
        - e
        - s
        - s
        - " "
        - c
        - o
        - m
        - m
        - o
        - n
        - )
        - " "
        - "*"
        - /
        - " "
        - "}"
  - Rule:
      - cur_line: 7
        cur_pos: 0
      - - a
        - b
        - c
        - "\""
        - " "
        - "\""
        - x
        - y
        - z
      - - "{"
        - " "
        - /
        - "*"
        - " "
        - M
        - a
        - t
        - c
        - h
        - e
        - s
        - " "
        - "'"
        - a
        - b
        - c
        - " "
        - x
        - y
        - z
        - "'"
        - " "
        - "-"
        - " "
        - u
        - n
        - q
        - u
        - o
        - t
        - e
        - d
        - " "
        - s
        - p
        - a
        - c
        - e
        - " "
        - I
        - S
        - " "
        - p
        - a
        - r
        - t
        - " "
        - o
        - f
        - " "
        - p
        - a
        - t
        - t
        - e
        - r
        - n
        - " "
        - "*"
        - /
        - " "
        - "}"
  - Rule:
      - cur_line: 8
        cur_pos: 0
      - - "\""
        - e
        - n
        - d
        - s
        - " "
        - "\""
      - - "{"
        - " "
        - /
        - "*"
        - " "
        - P
        - a
        - t
        - t
        - e
        - r
        - n
        - " "
        - e
        - n
        - d
        - s
        - " "
        - w
        - i
        - t
        - h
        - " "
        - s
        - p
        - a
        - c
        - e
        - " "
        - "*"
        - /
        - " "
        - "}"
  - Rule:
      - cur_line: 9
        cur_pos: 0
      - - "\""
        - " "
        - s
        - t
        - a
        - r
        - t
        - s
        - "\""
      - - "{"
        - " "
        - /
        - "*"
        - " "
        - P
        - a
        - t
        - t
        - e
        - r
        - n
        - " "
        - s
        - t
        - a
        - r
        - t
        - s
        - " "
        - w
        - i
        - t
        - h
        - " "
        - s
        - p
        - a
        - c
        - e
        - " "
        - "*"
        - /
        - " "
        - "}"
  - Rule:
      - cur_line: 10
        cur_pos: 0
      - - "\\"
        - " "
      - - "{"
        - " "
        - /
        - "*"
        - " "
        - M
        - a
        - t
        - c
        - h
        - e
        - s
        - " "
        - a
        - " "
        - s
        - i
        - n
        - g
        - l
        - e
        - " "
        - s
        - p
        - a
        - c
        - e
        - " "
        - (
        - F
        - l
        - e
        - x
        - " "
        - e
        - x
        - t
        - e
        - n
        - s
        - i
        - o
        - n
        - ":"
        - " "
        - e
        - s
        - c
        - a
        - p
        - e
        - d
        - " "
        - s
        - p
        - a
        - c
        - e
        - )
        - " "
        - "*"
        - /
        - " "
        - "}"
  - PercentPercent:
      cur_line: 11
      cur_pos: 0
