---
source: ft_lex_lib/src/tokenizer/mod.rs
expression: result
---
Err:
  kind:
    UnexpectedCharacter:
      - "@"
      - "%"
  position:
    cur_line: 4
    cur_pos: 0
