---
source: ft_lex_lib/src/tokenizer/mod.rs
expression: result
---
Err:
  kind:
    UnexpectedToken:
      token: "\n}"
      msg: "The right sequence to close code block is \"%}\""
  position:
    cur_line: 5
    cur_pos: 0
