---
source: ft_lex_lib/src/tokenizer/mod.rs
expression: result
---
Err:
  kind: NewLineExpected
  position:
    cur_line: 3
    cur_pos: 7
