---
source: ft_lex_lib/src/tokenizer/mod.rs
expression: result
---
Ok:
  - CodeBlock:
      - cur_line: 1
        cur_pos: 0
      - - "{"
        - "%"
        - "\n"
        - u
        - n
        - s
        - i
        - g
        - n
        - e
        - d
        - " "
        - c
        - h
        - a
        - r
        - _
        - c
        - o
        - u
        - n
        - t
        - " "
        - "="
        - " "
        - "0"
        - ","
        - " "
        - w
        - o
        - r
        - d
        - _
        - c
        - o
        - u
        - n
        - t
        - " "
        - "="
        - " "
        - "0"
        - ","
        - " "
        - l
        - i
        - n
        - e
        - _
        - c
        - o
        - u
        - n
        - t
        - " "
        - "="
        - " "
        - "0"
        - ;
        - "\n"
        - "%"
        - "}"
  - Definition:
      - cur_line: 4
        cur_pos: 0
      - - w
        - o
        - r
        - d
      - - "["
        - ^
        - " "
        - "\\"
        - t
        - "\\"
        - n
        - "]"
        - +
  - Definition:
      - cur_line: 5
        cur_pos: 0
      - - e
        - o
        - l
      - - "\\"
        - n
  - PercentPercent:
      cur_line: 6
      cur_pos: 0
  - Rule:
      - cur_line: 7
        cur_pos: 0
      - - "{"
        - w
        - o
        - r
        - d
        - "}"
      - - "{"
        - "\n"
        - " "
        - " "
        - " "
        - " "
        - " "
        - " "
        - " "
        - " "
        - w
        - o
        - r
        - d
        - _
        - c
        - o
        - u
        - n
        - t
        - +
        - +
        - ;
        - "\n"
        - " "
        - " "
        - " "
        - " "
        - " "
        - " "
        - " "
        - " "
        - c
        - h
        - a
        - r
        - _
        - c
        - o
        - u
        - n
        - t
        - " "
        - +
        - "="
        - " "
        - y
        - y
        - l
        - e
        - n
        - g
        - ;
        - "\n"
        - "}"
  - Rule:
      - cur_line: 11
        cur_pos: 0
      - - "{"
        - e
        - o
        - l
        - "}"
      - - "{"
        - " "
        - c
        - h
        - a
        - r
        - _
        - c
        - o
        - u
        - n
        - t
        - +
        - +
        - ;
        - " "
        - l
        - i
        - n
        - e
        - _
        - c
        - o
        - u
        - n
        - t
        - +
        - +
        - ;
        - " "
        - "}"
  - Rule:
      - cur_line: 12
        cur_pos: 0
      - - "."
      - - "{"
        - " "
        - c
        - h
        - a
        - r
        - _
        - c
        - o
        - u
        - n
        - t
        - +
        - +
        - ;
        - " "
        - "}"
  - PercentPercent:
      cur_line: 13
      cur_pos: 0
  - CodeBlock:
      - cur_line: 14
        cur_pos: 0
      - - i
        - n
        - t
        - " "
        - m
        - a
        - i
        - n
        - (
        - )
        - "\n"
        - "{"
        - "\n"
        - " "
        - " "
        - " "
        - " "
        - y
        - y
        - l
        - e
        - x
        - (
        - )
        - ;
        - "\n"
        - " "
        - " "
        - " "
        - " "
        - p
        - r
        - i
        - n
        - t
        - f
        - (
        - "\""
        - "%"
        - d
        - " "
        - "%"
        - d
        - " "
        - "%"
        - d
        - "\\"
        - n
        - "\""
        - ","
        - " "
        - l
        - i
        - n
        - e
        - _
        - c
        - o
        - u
        - n
        - t
        - ","
        - " "
        - w
        - o
        - r
        - d
        - _
        - c
        - o
        - u
        - n
        - t
        - ","
        - " "
        - c
        - h
        - a
        - r
        - _
        - c
        - o
        - u
        - n
        - t
        - )
        - ;
        - "\n"
        - "}"
