---
source: ft_lex_lib/src/tokenizer/mod.rs
expression: result
---
Ok:
  - CodeBlock:
      - cur_line: 1
        cur_pos: 0
      - - "%"
        - "{"
        - "\n"
        - /
        - "*"
        - " "
        - N
        - e
        - e
        - d
        - " "
        - t
        - h
        - i
        - s
        - " "
        - f
        - o
        - r
        - " "
        - t
        - h
        - e
        - " "
        - c
        - a
        - l
        - l
        - " "
        - t
        - o
        - " "
        - a
        - t
        - o
        - f
        - (
        - )
        - " "
        - b
        - e
        - l
        - o
        - w
        - "."
        - " "
        - "*"
        - /
        - "\n"
        - "#"
        - i
        - n
        - c
        - l
        - u
        - d
        - e
        - " "
        - "<"
        - m
        - a
        - t
        - h
        - "."
        - h
        - ">"
        - "\n"
        - /
        - "*"
        - " "
        - N
        - e
        - e
        - d
        - " "
        - t
        - h
        - i
        - s
        - " "
        - f
        - o
        - r
        - " "
        - p
        - r
        - i
        - n
        - t
        - f
        - (
        - )
        - ","
        - " "
        - f
        - o
        - p
        - e
        - n
        - (
        - )
        - ","
        - " "
        - a
        - n
        - d
        - " "
        - s
        - t
        - d
        - i
        - n
        - " "
        - b
        - e
        - l
        - o
        - w
        - "."
        - " "
        - "*"
        - /
        - "\n"
        - "#"
        - i
        - n
        - c
        - l
        - u
        - d
        - e
        - " "
        - "<"
        - s
        - t
        - d
        - i
        - o
        - "."
        - h
        - ">"
        - "\n"
        - "%"
        - "}"
  - Definition:
      - cur_line: 7
        cur_pos: 0
      - - D
        - I
        - G
        - I
        - T
      - - "["
        - "0"
        - "-"
        - "9"
        - "]"
  - Definition:
      - cur_line: 8
        cur_pos: 0
      - - I
        - D
      - - "["
        - a
        - "-"
        - z
        - "]"
        - "["
        - a
        - "-"
        - z
        - "0"
        - "-"
        - "9"
        - "]"
        - "*"
  - PercentPercent:
      cur_line: 9
      cur_pos: 0
  - Rule:
      - cur_line: 10
        cur_pos: 0
      - - "{"
        - D
        - I
        - G
        - I
        - T
        - "}"
        - +
      - - "{"
        - "\n"
        - " "
        - " "
        - " "
        - " "
        - p
        - r
        - i
        - n
        - t
        - f
        - (
        - "\""
        - A
        - n
        - " "
        - i
        - n
        - t
        - e
        - g
        - e
        - r
        - ":"
        - " "
        - "%"
        - s
        - " "
        - (
        - "%"
        - d
        - )
        - "\\"
        - n
        - "\""
        - ","
        - " "
        - y
        - y
        - t
        - e
        - x
        - t
        - ","
        - "\n"
        - " "
        - " "
        - " "
        - " "
        - " "
        - " "
        - " "
        - " "
        - a
        - t
        - o
        - i
        - (
        - y
        - y
        - t
        - e
        - x
        - t
        - )
        - )
        - ;
        - "\n"
        - " "
        - " "
        - " "
        - " "
        - "}"
  - Rule:
      - cur_line: 14
        cur_pos: 0
      - - "{"
        - D
        - I
        - G
        - I
        - T
        - "}"
        - +
        - "\""
        - "."
        - "\""
        - "{"
        - D
        - I
        - G
        - I
        - T
        - "}"
        - "*"
      - - "{"
        - "\n"
        - " "
        - " "
        - " "
        - " "
        - p
        - r
        - i
        - n
        - t
        - f
        - (
        - "\""
        - A
        - " "
        - f
        - l
        - o
        - a
        - t
        - ":"
        - " "
        - "%"
        - s
        - " "
        - (
        - "%"
        - g
        - )
        - "\\"
        - n
        - "\""
        - ","
        - " "
        - y
        - y
        - t
        - e
        - x
        - t
        - ","
        - "\n"
        - " "
        - " "
        - " "
        - " "
        - " "
        - " "
        - " "
        - " "
        - a
        - t
        - o
        - f
        - (
        - y
        - y
        - t
        - e
        - x
        - t
        - )
        - )
        - ;
        - "\n"
        - " "
        - " "
        - " "
        - " "
        - "}"
  - Rule:
      - cur_line: 18
        cur_pos: 0
      - - i
        - f
        - "|"
        - t
        - h
        - e
        - n
        - "|"
        - b
        - e
        - g
        - i
        - n
        - "|"
        - e
        - n
        - d
        - "|"
        - p
        - r
        - o
        - c
        - e
        - d
        - u
        - r
        - e
        - "|"
        - f
        - u
        - n
        - c
        - t
        - i
        - o
        - n
      - - "{"
        - "\n"
        - " "
        - " "
        - " "
        - " "
        - p
        - r
        - i
        - n
        - t
        - f
        - (
        - "\""
        - A
        - " "
        - k
        - e
        - y
        - w
        - o
        - r
        - d
        - ":"
        - " "
        - "%"
        - s
        - "\\"
        - n
        - "\""
        - ","
        - " "
        - y
        - y
        - t
        - e
        - x
        - t
        - )
        - ;
        - "\n"
        - " "
        - " "
        - " "
        - " "
        - "}"
  - Rule:
      - cur_line: 21
        cur_pos: 0
      - - "{"
        - I
        - D
        - "}"
      - - p
        - r
        - i
        - n
        - t
        - f
        - (
        - "\""
        - A
        - n
        - " "
        - i
        - d
        - e
        - n
        - t
        - i
        - f
        - i
        - e
        - r
        - ":"
        - " "
        - "%"
        - s
        - "\\"
        - n
        - "\""
        - ","
        - " "
        - y
        - y
        - t
        - e
        - x
        - t
        - )
        - ;
  - Rule:
      - cur_line: 22
        cur_pos: 0
      - - "\""
        - +
        - "\""
        - "|"
        - "\""
        - "-"
        - "\""
        - "|"
        - "\""
        - "*"
        - "\""
        - "|"
        - "\""
        - /
        - "\""
      - - p
        - r
        - i
        - n
        - t
        - f
        - (
        - "\""
        - A
        - n
        - " "
        - o
        - p
        - e
        - r
        - a
        - t
        - o
        - r
        - ":"
        - " "
        - "%"
        - s
        - "\\"
        - n
        - "\""
        - ","
        - " "
        - y
        - y
        - t
        - e
        - x
        - t
        - )
        - ;
  - Rule:
      - cur_line: 23
        cur_pos: 0
      - - "\""
        - "{"
        - "\""
        - "["
        - ^
        - "}"
        - "\\"
        - n
        - "]"
        - "*"
        - "\""
        - "}"
        - "\""
      - - /
        - "*"
        - " "
        - E
        - a
        - t
        - " "
        - u
        - p
        - " "
        - o
        - n
        - e
        - "-"
        - l
        - i
        - n
        - e
        - " "
        - c
        - o
        - m
        - m
        - e
        - n
        - t
        - s
        - "."
        - " "
        - "*"
        - /
  - Rule:
      - cur_line: 24
        cur_pos: 0
      - - "["
        - " "
        - "\\"
        - t
        - "\\"
        - n
        - "]"
        - +
      - - /
        - "*"
        - " "
        - E
        - a
        - t
        - " "
        - u
        - p
        - " "
        - w
        - h
        - i
        - t
        - e
        - " "
        - s
        - p
        - a
        - c
        - e
        - "."
        - " "
        - "*"
        - /
  - Rule:
      - cur_line: 25
        cur_pos: 0
      - - "."
      - - p
        - r
        - i
        - n
        - t
        - f
        - (
        - "\""
        - U
        - n
        - r
        - e
        - c
        - o
        - g
        - n
        - i
        - z
        - e
        - d
        - " "
        - c
        - h
        - a
        - r
        - a
        - c
        - t
        - e
        - r
        - ":"
        - " "
        - "%"
        - s
        - "\\"
        - n
        - "\""
        - ","
        - " "
        - y
        - y
        - t
        - e
        - x
        - t
        - )
        - ;
  - PercentPercent:
      cur_line: 26
      cur_pos: 0
  - CodeBlock:
      - cur_line: 27
        cur_pos: 0
      - - i
        - n
        - t
        - " "
        - m
        - a
        - i
        - n
        - (
        - i
        - n
        - t
        - " "
        - a
        - r
        - g
        - c
        - ","
        - " "
        - c
        - h
        - a
        - r
        - " "
        - "*"
        - a
        - r
        - g
        - v
        - "["
        - "]"
        - )
        - "\n"
        - "{"
        - "\n"
        - " "
        - " "
        - " "
        - " "
        - +
        - +
        - a
        - r
        - g
        - v
        - ","
        - " "
        - "-"
        - "-"
        - a
        - r
        - g
        - c
        - ;
        - " "
        - " "
        - /
        - "*"
        - " "
        - S
        - k
        - i
        - p
        - " "
        - o
        - v
        - e
        - r
        - " "
        - p
        - r
        - o
        - g
        - r
        - a
        - m
        - " "
        - n
        - a
        - m
        - e
        - "."
        - " "
        - "*"
        - /
        - "\n"
        - " "
        - " "
        - " "
        - " "
        - i
        - f
        - " "
        - (
        - a
        - r
        - g
        - c
        - " "
        - ">"
        - " "
        - "0"
        - )
        - "\n"
        - " "
        - " "
        - " "
        - " "
        - " "
        - " "
        - " "
        - " "
        - y
        - y
        - i
        - n
        - " "
        - "="
        - " "
        - f
        - o
        - p
        - e
        - n
        - (
        - a
        - r
        - g
        - v
        - "["
        - "0"
        - "]"
        - ","
        - " "
        - "\""
        - r
        - "\""
        - )
        - ;
        - "\n"
        - " "
        - " "
        - " "
        - " "
        - e
        - l
        - s
        - e
        - "\n"
        - " "
        - " "
        - " "
        - " "
        - " "
        - " "
        - " "
        - " "
        - y
        - y
        - i
        - n
        - " "
        - "="
        - " "
        - s
        - t
        - d
        - i
        - n
        - ;
        - "\n"
        - " "
        - " "
        - " "
        - " "
        - y
        - y
        - l
        - e
        - x
        - (
        - )
        - ;
        - "\n"
        - "}"
        - "\n"
