---
source: ft_lex_lib/src/tokenizer/mod.rs
expression: result
---
Ok:
  - MultilineComment:
      - cur_line: 1
        cur_pos: 0
      - - /
        - "*"
        - " "
        - t
        - h
        - e
        - " "
        - "\""
        - i
        - n
        - c
        - l
        - "\""
        - " "
        - s
        - t
        - a
        - t
        - e
        - " "
        - i
        - s
        - " "
        - u
        - s
        - e
        - d
        - " "
        - f
        - o
        - r
        - " "
        - p
        - i
        - c
        - k
        - i
        - n
        - g
        - " "
        - u
        - p
        - " "
        - t
        - h
        - e
        - " "
        - n
        - a
        - m
        - e
        - "\n"
        - " "
        - "*"
        - " "
        - o
        - f
        - " "
        - a
        - n
        - " "
        - i
        - n
        - c
        - l
        - u
        - d
        - e
        - " "
        - f
        - i
        - l
        - e
        - "\n"
        - " "
        - "*"
        - /
  - Definition:
      - cur_line: 5
        cur_pos: 0
      - - "%"
        - x
      - - i
        - n
        - c
        - l
  - CodeBlock:
      - cur_line: 7
        cur_pos: 0
      - - "{"
        - "%"
        - "\n"
        - "#"
        - d
        - e
        - f
        - i
        - n
        - e
        - " "
        - M
        - A
        - X
        - _
        - I
        - N
        - C
        - L
        - U
        - D
        - E
        - _
        - D
        - E
        - P
        - T
        - H
        - " "
        - "1"
        - "0"
        - "\n"
        - Y
        - Y
        - _
        - B
        - U
        - F
        - F
        - E
        - R
        - _
        - S
        - T
        - A
        - T
        - E
        - " "
        - i
        - n
        - c
        - l
        - u
        - d
        - e
        - _
        - s
        - t
        - a
        - c
        - k
        - "["
        - M
        - A
        - X
        - _
        - I
        - N
        - C
        - L
        - U
        - D
        - E
        - _
        - D
        - E
        - P
        - T
        - H
        - "]"
        - ;
        - "\n"
        - i
        - n
        - t
        - " "
        - i
        - n
        - c
        - l
        - u
        - d
        - e
        - _
        - s
        - t
        - a
        - c
        - k
        - _
        - p
        - t
        - r
        - " "
        - "="
        - " "
        - "0"
        - ;
        - "\n"
        - "%"
        - "}"
  - PercentPercent:
      cur_line: 13
      cur_pos: 0
  - Rule:
      - cur_line: 14
        cur_pos: 0
      - - i
        - n
        - c
        - l
        - u
        - d
        - e
      - - B
        - E
        - G
        - I
        - N
        - (
        - i
        - n
        - c
        - l
        - )
        - ;
  - Rule:
      - cur_line: 16
        cur_pos: 0
      - - "["
        - a
        - "-"
        - z
        - "]"
        - +
      - - E
        - C
        - H
        - O
        - ;
  - Rule:
      - cur_line: 17
        cur_pos: 0
      - - "["
        - ^
        - a
        - "-"
        - z
        - "\\"
        - n
        - "]"
        - "*"
        - "\\"
        - n
        - "?"
      - - E
        - C
        - H
        - O
        - ;
  - Rule:
      - cur_line: 19
        cur_pos: 0
      - - "<"
        - i
        - n
        - c
        - l
        - ">"
        - "["
        - " "
        - "\\"
        - t
        - "]"
        - "*"
      - - /
        - "*"
        - " "
        - e
        - a
        - t
        - " "
        - t
        - h
        - e
        - " "
        - w
        - h
        - i
        - t
        - e
        - s
        - p
        - a
        - c
        - e
        - " "
        - "*"
        - /
  - Rule:
      - cur_line: 20
        cur_pos: 0
      - - "<"
        - i
        - n
        - c
        - l
        - ">"
        - "["
        - ^
        - " "
        - "\\"
        - t
        - "\\"
        - n
        - "]"
        - +
      - - "{"
        - " "
        - /
        - "*"
        - " "
        - g
        - o
        - t
        - " "
        - t
        - h
        - e
        - " "
        - i
        - n
        - c
        - l
        - u
        - d
        - e
        - " "
        - f
        - i
        - l
        - e
        - " "
        - n
        - a
        - m
        - e
        - " "
        - "*"
        - /
        - "\n"
        - " "
        - " "
        - " "
        - " "
        - " "
        - " "
        - " "
        - " "
        - i
        - f
        - " "
        - (
        - " "
        - i
        - n
        - c
        - l
        - u
        - d
        - e
        - _
        - s
        - t
        - a
        - c
        - k
        - _
        - p
        - t
        - r
        - " "
        - ">"
        - "="
        - " "
        - M
        - A
        - X
        - _
        - I
        - N
        - C
        - L
        - U
        - D
        - E
        - _
        - D
        - E
        - P
        - T
        - H
        - " "
        - )
        - "\n"
        - " "
        - " "
        - " "
        - " "
        - " "
        - " "
        - " "
        - " "
        - " "
        - " "
        - " "
        - " "
        - "{"
        - "\n"
        - " "
        - " "
        - " "
        - " "
        - " "
        - " "
        - " "
        - " "
        - " "
        - " "
        - " "
        - " "
        - f
        - p
        - r
        - i
        - n
        - t
        - f
        - (
        - " "
        - s
        - t
        - d
        - e
        - r
        - r
        - ","
        - " "
        - "\""
        - I
        - n
        - c
        - l
        - u
        - d
        - e
        - s
        - " "
        - n
        - e
        - s
        - t
        - e
        - d
        - " "
        - t
        - o
        - o
        - " "
        - d
        - e
        - e
        - p
        - l
        - y
        - "\""
        - " "
        - )
        - ;
        - "\n"
        - " "
        - " "
        - " "
        - " "
        - " "
        - " "
        - " "
        - " "
        - " "
        - " "
        - " "
        - " "
        - e
        - x
        - i
        - t
        - (
        - " "
        - "1"
        - " "
        - )
        - ;
        - "\n"
        - " "
        - " "
        - " "
        - " "
        - " "
        - " "
        - " "
        - " "
        - " "
        - " "
        - " "
        - " "
        - "}"
        - "\n"
        - "\n"
        - " "
        - " "
        - " "
        - " "
        - " "
        - " "
        - " "
        - " "
        - i
        - n
        - c
        - l
        - u
        - d
        - e
        - _
        - s
        - t
        - a
        - c
        - k
        - "["
        - i
        - n
        - c
        - l
        - u
        - d
        - e
        - _
        - s
        - t
        - a
        - c
        - k
        - _
        - p
        - t
        - r
        - +
        - +
        - "]"
        - " "
        - "="
        - "\n"
        - " "
        - " "
        - " "
        - " "
        - " "
        - " "
        - " "
        - " "
        - " "
        - " "
        - " "
        - " "
        - Y
        - Y
        - _
        - C
        - U
        - R
        - R
        - E
        - N
        - T
        - _
        - B
        - U
        - F
        - F
        - E
        - R
        - ;
        - "\n"
        - "\n"
        - " "
        - " "
        - " "
        - " "
        - " "
        - " "
        - " "
        - " "
        - y
        - y
        - i
        - n
        - " "
        - "="
        - " "
        - f
        - o
        - p
        - e
        - n
        - (
        - " "
        - y
        - y
        - t
        - e
        - x
        - t
        - ","
        - " "
        - "\""
        - r
        - "\""
        - " "
        - )
        - ;
        - "\n"
        - "\n"
        - " "
        - " "
        - " "
        - " "
        - " "
        - " "
        - " "
        - " "
        - i
        - f
        - " "
        - (
        - " "
        - "!"
        - " "
        - y
        - y
        - i
        - n
        - " "
        - )
        - "\n"
        - " "
        - " "
        - " "
        - " "
        - " "
        - " "
        - " "
        - " "
        - " "
        - " "
        - " "
        - " "
        - e
        - r
        - r
        - o
        - r
        - (
        - " "
        - "."
        - "."
        - "."
        - " "
        - )
        - ;
        - "\n"
        - "\n"
        - " "
        - " "
        - " "
        - " "
        - " "
        - " "
        - " "
        - " "
        - y
        - y
        - _
        - s
        - w
        - i
        - t
        - c
        - h
        - _
        - t
        - o
        - _
        - b
        - u
        - f
        - f
        - e
        - r
        - (
        - "\n"
        - " "
        - " "
        - " "
        - " "
        - " "
        - " "
        - " "
        - " "
        - " "
        - " "
        - " "
        - " "
        - y
        - y
        - _
        - c
        - r
        - e
        - a
        - t
        - e
        - _
        - b
        - u
        - f
        - f
        - e
        - r
        - (
        - " "
        - y
        - y
        - i
        - n
        - ","
        - " "
        - Y
        - Y
        - _
        - B
        - U
        - F
        - _
        - S
        - I
        - Z
        - E
        - " "
        - )
        - " "
        - )
        - ;
        - "\n"
        - "\n"
        - " "
        - " "
        - " "
        - " "
        - " "
        - " "
        - " "
        - " "
        - B
        - E
        - G
        - I
        - N
        - (
        - I
        - N
        - I
        - T
        - I
        - A
        - L
        - )
        - ;
        - "\n"
        - " "
        - " "
        - " "
        - " "
        - " "
        - " "
        - " "
        - " "
        - "}"
  - Rule:
      - cur_line: 41
        cur_pos: 0
      - - "<"
        - "<"
        - E
        - O
        - F
        - ">"
        - ">"
      - - "{"
        - "\n"
        - " "
        - " "
        - " "
        - " "
        - " "
        - " "
        - " "
        - " "
        - i
        - f
        - " "
        - (
        - " "
        - "-"
        - "-"
        - i
        - n
        - c
        - l
        - u
        - d
        - e
        - _
        - s
        - t
        - a
        - c
        - k
        - _
        - p
        - t
        - r
        - " "
        - "<"
        - " "
        - "0"
        - " "
        - )
        - "\n"
        - " "
        - " "
        - " "
        - " "
        - " "
        - " "
        - " "
        - " "
        - " "
        - " "
        - " "
        - " "
        - "{"
        - "\n"
        - " "
        - " "
        - " "
        - " "
        - " "
        - " "
        - " "
        - " "
        - " "
        - " "
        - " "
        - " "
        - y
        - y
        - t
        - e
        - r
        - m
        - i
        - n
        - a
        - t
        - e
        - (
        - )
        - ;
        - "\n"
        - " "
        - " "
        - " "
        - " "
        - " "
        - " "
        - " "
        - " "
        - " "
        - " "
        - " "
        - " "
        - "}"
        - "\n"
        - "\n"
        - " "
        - " "
        - " "
        - " "
        - " "
        - " "
        - " "
        - " "
        - e
        - l
        - s
        - e
        - "\n"
        - " "
        - " "
        - " "
        - " "
        - " "
        - " "
        - " "
        - " "
        - " "
        - " "
        - " "
        - " "
        - y
        - y
        - _
        - s
        - w
        - i
        - t
        - c
        - h
        - _
        - t
        - o
        - _
        - b
        - u
        - f
        - f
        - e
        - r
        - (
        - "\n"
        - " "
        - " "
        - " "
        - " "
        - " "
        - " "
        - " "
        - " "
        - " "
        - " "
        - " "
        - " "
        - " "
        - " "
        - " "
        - " "
        - " "
        - i
        - n
        - c
        - l
        - u
        - d
        - e
        - _
        - s
        - t
        - a
        - c
        - k
        - "["
        - i
        - n
        - c
        - l
        - u
        - d
        - e
        - _
        - s
        - t
        - a
        - c
        - k
        - _
        - p
        - t
        - r
        - "]"
        - " "
        - )
        - ;
        - "\n"
        - " "
        - " "
        - " "
        - " "
        - " "
        - " "
        - " "
        - " "
        - "}"
