---
source: ft_lex_lib/src/tokenizer/mod.rs
expression: result
---
Ok:
  - CodeBlock:
      - cur_line: 1
        cur_pos: 0
      - - "%"
        - "{"
        - "\n"
        - /
        - "*"
        - " "
        - C
        - " "
        - c
        - o
        - d
        - e
        - " "
        - b
        - l
        - o
        - c
        - k
        - " "
        - i
        - n
        - c
        - l
        - u
        - d
        - e
        - d
        - " "
        - d
        - i
        - r
        - e
        - c
        - t
        - l
        - y
        - " "
        - "*"
        - /
        - "\n"
        - "#"
        - i
        - n
        - c
        - l
        - u
        - d
        - e
        - " "
        - "<"
        - s
        - t
        - d
        - i
        - o
        - "."
        - h
        - ">"
        - "\n"
        - "#"
        - i
        - n
        - c
        - l
        - u
        - d
        - e
        - " "
        - "\""
        - p
        - a
        - r
        - s
        - e
        - r
        - "."
        - t
        - a
        - b
        - "."
        - h
        - "\""
        - " "
        - /
        - /
        - " "
        - E
        - x
        - a
        - m
        - p
        - l
        - e
        - " "
        - i
        - n
        - c
        - l
        - u
        - d
        - e
        - " "
        - f
        - o
        - r
        - " "
        - B
        - i
        - s
        - o
        - n
        - /
        - Y
        - a
        - c
        - c
        - " "
        - t
        - o
        - k
        - e
        - n
        - s
        - "\n"
        - "\n"
        - /
        - /
        - " "
        - H
        - e
        - l
        - p
        - e
        - r
        - " "
        - f
        - u
        - n
        - c
        - t
        - i
        - o
        - n
        - " "
        - d
        - e
        - c
        - l
        - a
        - r
        - a
        - t
        - i
        - o
        - n
        - "\n"
        - s
        - t
        - a
        - t
        - i
        - c
        - " "
        - v
        - o
        - i
        - d
        - " "
        - h
        - a
        - n
        - d
        - l
        - e
        - _
        - s
        - t
        - r
        - i
        - n
        - g
        - (
        - c
        - h
        - a
        - r
        - " "
        - "*"
        - s
        - )
        - ;
        - "\n"
        - "%"
        - "}"
  - Definition:
      - cur_line: 10
        cur_pos: 0
      - - I
        - D
      - - "["
        - a
        - "-"
        - z
        - A
        - "-"
        - Z
        - _
        - "]"
        - "["
        - a
        - "-"
        - z
        - A
        - "-"
        - Z
        - "0"
        - "-"
        - "9"
        - _
        - "]"
        - "*"
  - Definition:
      - cur_line: 11
        cur_pos: 0
      - - D
        - I
        - G
        - I
        - T
      - - "["
        - "0"
        - "-"
        - "9"
        - "]"
  - Definition:
      - cur_line: 12
        cur_pos: 0
      - - N
        - U
        - M
        - B
        - E
        - R
      - - "{"
        - D
        - I
        - G
        - I
        - T
        - "}"
        - +
  - PercentPercent:
      cur_line: 14
      cur_pos: 0
  - Rule:
      - cur_line: 16
        cur_pos: 0
      - - "\""
        - i
        - f
        - "\""
      - - "{"
        - " "
        - r
        - e
        - t
        - u
        - r
        - n
        - " "
        - I
        - F
        - _
        - T
        - O
        - K
        - E
        - N
        - ;
        - " "
        - "}"
  - Rule:
      - cur_line: 17
        cur_pos: 0
      - - "\""
        - e
        - l
        - s
        - e
        - "\""
      - - "{"
        - " "
        - r
        - e
        - t
        - u
        - r
        - n
        - " "
        - E
        - L
        - S
        - E
        - _
        - T
        - O
        - K
        - E
        - N
        - ;
        - " "
        - "}"
  - Rule:
      - cur_line: 18
        cur_pos: 0
      - - "\""
        - w
        - h
        - i
        - l
        - e
        - "\""
      - - "{"
        - " "
        - r
        - e
        - t
        - u
        - r
        - n
        - " "
        - W
        - H
        - I
        - L
        - E
        - _
        - T
        - O
        - K
        - E
        - N
        - ;
        - " "
        - "}"
  - Rule:
      - cur_line: 19
        cur_pos: 0
      - - "\""
        - r
        - e
        - t
        - u
        - r
        - n
        - "\""
      - - "{"
        - " "
        - r
        - e
        - t
        - u
        - r
        - n
        - " "
        - R
        - E
        - T
        - U
        - R
        - N
        - _
        - T
        - O
        - K
        - E
        - N
        - ;
        - " "
        - "}"
  - Rule:
      - cur_line: 21
        cur_pos: 0
      - - "{"
        - I
        - D
        - "}"
      - - "{"
        - " "
        - /
        - "*"
        - " "
        - y
        - y
        - l
        - v
        - a
        - l
        - "."
        - s
        - v
        - a
        - l
        - " "
        - "="
        - " "
        - s
        - t
        - r
        - d
        - u
        - p
        - (
        - y
        - y
        - t
        - e
        - x
        - t
        - )
        - ;
        - " "
        - r
        - e
        - t
        - u
        - r
        - n
        - " "
        - I
        - D
        - E
        - N
        - T
        - I
        - F
        - I
        - E
        - R
        - ;
        - " "
        - "*"
        - /
        - " "
        - "}"
  - Rule:
      - cur_line: 22
        cur_pos: 0
      - - "{"
        - N
        - U
        - M
        - B
        - E
        - R
        - "}"
      - - "{"
        - " "
        - /
        - "*"
        - " "
        - y
        - y
        - l
        - v
        - a
        - l
        - "."
        - i
        - v
        - a
        - l
        - " "
        - "="
        - " "
        - a
        - t
        - o
        - i
        - (
        - y
        - y
        - t
        - e
        - x
        - t
        - )
        - ;
        - " "
        - r
        - e
        - t
        - u
        - r
        - n
        - " "
        - I
        - N
        - T
        - E
        - G
        - E
        - R
        - _
        - L
        - I
        - T
        - E
        - R
        - A
        - L
        - ;
        - " "
        - "*"
        - /
        - " "
        - "}"
  - Rule:
      - cur_line: 24
        cur_pos: 0
      - - "\""
        - "="
        - "="
        - "\""
      - - "{"
        - " "
        - r
        - e
        - t
        - u
        - r
        - n
        - " "
        - E
        - Q
        - _
        - O
        - P
        - ;
        - " "
        - "}"
  - Rule:
      - cur_line: 25
        cur_pos: 0
      - - "\""
        - "="
        - "\""
      - - "{"
        - " "
        - r
        - e
        - t
        - u
        - r
        - n
        - " "
        - A
        - S
        - S
        - I
        - G
        - N
        - _
        - O
        - P
        - ;
        - " "
        - "}"
  - Rule:
      - cur_line: 26
        cur_pos: 0
      - - "\""
        - ;
        - "\""
      - - "{"
        - " "
        - r
        - e
        - t
        - u
        - r
        - n
        - " "
        - S
        - E
        - M
        - I
        - C
        - O
        - L
        - O
        - N
        - ;
        - " "
        - "}"
  - Rule:
      - cur_line: 27
        cur_pos: 0
      - - "\""
        - "{"
        - "\""
      - - "{"
        - " "
        - r
        - e
        - t
        - u
        - r
        - n
        - " "
        - L
        - B
        - R
        - A
        - C
        - E
        - ;
        - " "
        - "}"
  - Rule:
      - cur_line: 28
        cur_pos: 0
      - - "\""
        - "}"
        - "\""
      - - "{"
        - " "
        - r
        - e
        - t
        - u
        - r
        - n
        - " "
        - R
        - B
        - R
        - A
        - C
        - E
        - ;
        - " "
        - "}"
  - Rule:
      - cur_line: 31
        cur_pos: 0
      - - "\\"
        - "\""
        - (
        - "\\"
        - "\\"
        - "."
        - "|"
        - "["
        - ^
        - "\\"
        - "\\"
        - "\""
        - "]"
        - )
        - "*"
        - "\\"
        - "\""
      - - "{"
        - " "
        - /
        - "*"
        - " "
        - h
        - a
        - n
        - d
        - l
        - e
        - _
        - s
        - t
        - r
        - i
        - n
        - g
        - (
        - y
        - y
        - t
        - e
        - x
        - t
        - )
        - ;
        - " "
        - r
        - e
        - t
        - u
        - r
        - n
        - " "
        - S
        - T
        - R
        - I
        - N
        - G
        - _
        - L
        - I
        - T
        - E
        - R
        - A
        - L
        - ;
        - " "
        - "*"
        - /
        - " "
        - "}"
  - Rule:
      - cur_line: 33
        cur_pos: 0
      - - "\""
        - /
        - "*"
        - "\""
        - (
        - "["
        - ^
        - "*"
        - "]"
        - "|"
        - "\\"
        - "*"
        - +
        - "["
        - ^
        - "*"
        - /
        - "]"
        - )
        - "*"
        - "\\"
        - "*"
        - +
        - "\""
        - /
        - "\""
      - - "{"
        - " "
        - /
        - "*"
        - " "
        - I
        - g
        - n
        - o
        - r
        - e
        - " "
        - C
        - "-"
        - s
        - t
        - y
        - l
        - e
        - " "
        - b
        - l
        - o
        - c
        - k
        - " "
        - c
        - o
        - m
        - m
        - e
        - n
        - t
        - " "
        - "*"
        - /
        - " "
        - "}"
  - Rule:
      - cur_line: 34
        cur_pos: 0
      - - "\""
        - /
        - /
        - "\""
        - "."
        - "*"
      - - "{"
        - " "
        - /
        - "*"
        - " "
        - I
        - g
        - n
        - o
        - r
        - e
        - " "
        - C
        - +
        - +
        - " "
        - s
        - t
        - y
        - l
        - e
        - " "
        - c
        - o
        - m
        - m
        - e
        - n
        - t
        - " "
        - (
        - F
        - l
        - e
        - x
        - " "
        - e
        - x
        - t
        - e
        - n
        - s
        - i
        - o
        - n
        - )
        - " "
        - "*"
        - /
        - " "
        - "}"
  - Rule:
      - cur_line: 37
        cur_pos: 0
      - - "["
        - " "
        - "\\"
        - t
        - "\\"
        - n
        - "]"
        - +
      - - "{"
        - " "
        - /
        - "*"
        - " "
        - I
        - g
        - n
        - o
        - r
        - e
        - " "
        - w
        - h
        - i
        - t
        - e
        - s
        - p
        - a
        - c
        - e
        - " "
        - a
        - n
        - d
        - " "
        - n
        - e
        - w
        - l
        - i
        - n
        - e
        - s
        - ","
        - " "
        - o
        - r
        - " "
        - h
        - a
        - n
        - d
        - l
        - e
        - " "
        - l
        - i
        - n
        - e
        - s
        - ":"
        - " "
        - i
        - f
        - " "
        - (
        - y
        - y
        - t
        - e
        - x
        - t
        - "["
        - "0"
        - "]"
        - " "
        - "="
        - "="
        - " "
        - "'"
        - "\\"
        - n
        - "'"
        - )
        - " "
        - y
        - y
        - l
        - i
        - n
        - e
        - n
        - o
        - +
        - +
        - ;
        - " "
        - "*"
        - /
        - " "
        - "}"
  - Rule:
      - cur_line: 38
        cur_pos: 0
      - - "."
      - - "{"
        - " "
        - f
        - p
        - r
        - i
        - n
        - t
        - f
        - (
        - s
        - t
        - d
        - e
        - r
        - r
        - ","
        - " "
        - "\""
        - L
        - e
        - x
        - i
        - c
        - a
        - l
        - " "
        - e
        - r
        - r
        - o
        - r
        - ":"
        - " "
        - "'"
        - "%"
        - s
        - "'"
        - "\\"
        - n
        - "\""
        - ","
        - " "
        - y
        - y
        - t
        - e
        - x
        - t
        - )
        - ;
        - " "
        - "}"
  - PercentPercent:
      cur_line: 40
      cur_pos: 0
  - CodeBlock:
      - cur_line: 41
        cur_pos: 0
      - - /
        - "*"
        - " "
        - U
        - s
        - e
        - r
        - " "
        - C
        - o
        - d
        - e
        - " "
        - S
        - e
        - c
        - t
        - i
        - o
        - n
        - " "
        - "*"
        - /
        - "\n"
        - "\n"
        - s
        - t
        - a
        - t
        - i
        - c
        - " "
        - v
        - o
        - i
        - d
        - " "
        - h
        - a
        - n
        - d
        - l
        - e
        - _
        - s
        - t
        - r
        - i
        - n
        - g
        - (
        - c
        - h
        - a
        - r
        - " "
        - "*"
        - s
        - )
        - " "
        - "{"
        - "\n"
        - " "
        - " "
        - " "
        - " "
        - /
        - /
        - " "
        - E
        - x
        - a
        - m
        - p
        - l
        - e
        - ":"
        - " "
        - R
        - e
        - m
        - o
        - v
        - e
        - " "
        - q
        - u
        - o
        - t
        - e
        - s
        - " "
        - a
        - n
        - d
        - " "
        - h
        - a
        - n
        - d
        - l
        - e
        - " "
        - e
        - s
        - c
        - a
        - p
        - e
        - s
        - "\n"
        - " "
        - " "
        - " "
        - " "
        - p
        - r
        - i
        - n
        - t
        - f
        - (
        - "\""
        - F
        - o
        - u
        - n
        - d
        - " "
        - s
        - t
        - r
        - i
        - n
        - g
        - ":"
        - " "
        - "%"
        - s
        - "\\"
        - n
        - "\""
        - ","
        - " "
        - s
        - )
        - ;
        - "\n"
        - "}"
        - "\n"
        - "\n"
        - /
        - /
        - " "
        - R
        - e
        - q
        - u
        - i
        - r
        - e
        - d
        - " "
        - b
        - y
        - " "
        - f
        - l
        - e
        - x
        - " "
        - i
        - f
        - " "
        - n
        - o
        - t
        - " "
        - u
        - s
        - i
        - n
        - g
        - " "
        - "%"
        - o
        - p
        - t
        - i
        - o
        - n
        - " "
        - n
        - o
        - y
        - y
        - w
        - r
        - a
        - p
        - "\n"
        - i
        - n
        - t
        - " "
        - y
        - y
        - w
        - r
        - a
        - p
        - (
        - )
        - " "
        - "{"
        - "\n"
        - " "
        - " "
        - " "
        - " "
        - r
        - e
        - t
        - u
        - r
        - n
        - " "
        - "1"
        - ;
        - " "
        - /
        - /
        - " "
        - I
        - n
        - d
        - i
        - c
        - a
        - t
        - e
        - " "
        - n
        - o
        - " "
        - m
        - o
        - r
        - e
        - " "
        - f
        - i
        - l
        - e
        - s
        - " "
        - t
        - o
        - " "
        - p
        - r
        - o
        - c
        - e
        - s
        - s
        - "\n"
        - "}"
        - "\n"
        - "\n"
        - /
        - "*"
        - " "
        - m
        - a
        - i
        - n
        - " "
        - i
        - s
        - " "
        - o
        - f
        - t
        - e
        - n
        - " "
        - h
        - e
        - r
        - e
        - " "
        - f
        - o
        - r
        - " "
        - s
        - t
        - a
        - n
        - d
        - a
        - l
        - o
        - n
        - e
        - " "
        - l
        - e
        - x
        - e
        - r
        - s
        - " "
        - "*"
        - /
        - "\n"
        - i
        - n
        - t
        - " "
        - m
        - a
        - i
        - n
        - (
        - i
        - n
        - t
        - " "
        - a
        - r
        - g
        - c
        - ","
        - " "
        - c
        - h
        - a
        - r
        - " "
        - "*"
        - "*"
        - a
        - r
        - g
        - v
        - )
        - " "
        - "{"
        - "\n"
        - " "
        - " "
        - " "
        - " "
        - /
        - "*"
        - " "
        - I
        - n
        - i
        - t
        - i
        - a
        - l
        - i
        - z
        - a
        - t
        - i
        - o
        - n
        - " "
        - i
        - f
        - " "
        - n
        - e
        - e
        - d
        - e
        - d
        - " "
        - "*"
        - /
        - "\n"
        - " "
        - " "
        - " "
        - " "
        - y
        - y
        - l
        - e
        - x
        - (
        - )
        - ;
        - " "
        - /
        - "*"
        - " "
        - S
        - t
        - a
        - r
        - t
        - " "
        - l
        - e
        - x
        - i
        - n
        - g
        - " "
        - "*"
        - /
        - "\n"
        - " "
        - " "
        - " "
        - " "
        - r
        - e
        - t
        - u
        - r
        - n
        - " "
        - "0"
        - ;
        - "\n"
        - "}"
        - "\n"
